[11:08:58.127] OPEN /dev/ttyACM0 @ 115200
[11:09:02.639] SEND s 3.0 20 10
[11:09:02.652] START: current position = 0 deg.
[11:09:02.662] P SET Kp=3.0000, Ki=0.0000, Kd=0.0000, speed_limit_deg_s=20.000, angle_deg=10.000
[11:09:02.664] Run timeout [s]: 60.0
[11:09:02.769] target_deg:0.000	position_deg:0.000	error_deg:0.000	p_deg_s:0.000	i_deg_s:0.000	d_deg_s:0.000	pid_deg_s:0.000	speed_deg_s:0.000	u_deg_s:0.000	v_limit_deg_s:20.000	dt_ms:10.000	kp:3.0000	ki:0.0000	kd:0.0000	t_s:0.100
[11:09:02.869] target_deg:0.000	position_deg:0.000	error_deg:0.000	p_deg_s:0.000	i_deg_s:0.000	d_deg_s:0.000	pid_deg_s:0.000	speed_deg_s:0.000	u_deg_s:0.000	v_limit_deg_s:20.000	dt_ms:10.000	kp:3.0000	ki:0.0000	kd:0.0000	t_s:0.200
[11:09:02.971] target_deg:0.000	position_deg:0.000	error_deg:0.000	p_deg_s:0.000	i_deg_s:0.000	d_deg_s:0.000	pid_deg_s:0.000	speed_deg_s:0.000	u_deg_s:0.000	v_limit_deg_s:20.000	dt_ms:10.000	kp:3.0000	ki:0.0000	kd:0.0000	t_s:0.300
[11:09:03.067] target_deg:0.000	position_deg:0.000	error_deg:0.000	p_deg_s:0.000	i_deg_s:0.000	d_deg_s:0.000	pid_deg_s:0.000	speed_deg_s:0.000	u_deg_s:0.000	v_limit_deg_s:20.000	dt_ms:10.000	kp:3.0000	ki:0.0000	kd:0.0000	t_s:0.400
[11:09:03.168] target_deg:0.000	position_deg:0.000	error_deg:0.000	p_deg_s:0.000	i_deg_s:0.000	d_deg_s:0.000	pid_deg_s:0.000	speed_deg_s:0.000	u_deg_s:0.000	v_limit_deg_s:20.000	dt_ms:10.001	kp:3.0000	ki:0.0000	kd:0.0000	t_s:0.500
[11:09:03.266] target_deg:0.000	position_deg:0.000	error_deg:0.000	p_deg_s:0.000	i_deg_s:0.000	d_deg_s:0.000	pid_deg_s:0.000	speed_deg_s:0.000	u_deg_s:0.000	v_limit_deg_s:20.000	dt_ms:10.000	kp:3.0000	ki:0.0000	kd:0.0000	t_s:0.600
[11:09:03.369] target_deg:0.000	position_deg:0.000	error_deg:0.000	p_deg_s:0.000	i_deg_s:0.000	d_deg_s:0.000	pid_deg_s:0.000	speed_deg_s:0.000	u_deg_s:0.000	v_limit_deg_s:20.000	dt_ms:10.000	kp:3.0000	ki:0.0000	kd:0.0000	t_s:0.700
[11:09:03.469] target_deg:0.000	position_deg:0.000	error_deg:0.000	p_deg_s:0.000	i_deg_s:0.000	d_deg_s:0.000	pid_deg_s:0.000	speed_deg_s:0.000	u_deg_s:0.000	v_limit_deg_s:20.000	dt_ms:10.002	kp:3.0000	ki:0.0000	kd:0.0000	t_s:0.800
[11:09:03.570] target_deg:0.000	position_deg:-0.088	error_deg:0.088	p_deg_s:0.000	i_deg_s:0.000	d_deg_s:0.000	pid_deg_s:0.000	speed_deg_s:0.000	u_deg_s:0.000	v_limit_deg_s:20.000	dt_ms:10.000	kp:3.0000	ki:0.0000	kd:0.0000	t_s:0.900
[11:09:03.669] target_deg:0.000	position_deg:0.000	error_deg:0.000	p_deg_s:0.000	i_deg_s:0.000	d_deg_s:0.000	pid_deg_s:0.000	speed_deg_s:0.000	u_deg_s:0.000	v_limit_deg_s:20.000	dt_ms:10.002	kp:3.0000	ki:0.0000	kd:0.0000	t_s:1.000
[11:09:03.768] target_deg:0.000	position_deg:0.000	error_deg:0.000	p_deg_s:0.000	i_deg_s:0.000	d_deg_s:0.000	pid_deg_s:0.000	speed_deg_s:0.000	u_deg_s:0.000	v_limit_deg_s:20.000	dt_ms:10.001	kp:3.0000	ki:0.0000	kd:0.0000	t_s:1.100
[11:09:03.868] target_deg:0.000	position_deg:0.000	error_deg:0.000	p_deg_s:0.000	i_deg_s:0.000	d_deg_s:0.000	pid_deg_s:0.000	speed_deg_s:0.000	u_deg_s:0.000	v_limit_deg_s:20.000	dt_ms:10.003	kp:3.0000	ki:0.0000	kd:0.0000	t_s:1.200
[11:09:03.969] target_deg:0.000	position_deg:0.000	error_deg:0.000	p_deg_s:0.000	i_deg_s:0.000	d_deg_s:0.000	pid_deg_s:0.000	speed_deg_s:0.000	u_deg_s:0.000	v_limit_deg_s:20.000	dt_ms:10.004	kp:3.0000	ki:0.0000	kd:0.0000	t_s:1.300
[11:09:04.063] target_deg:0.000	position_deg:0.000	error_deg:0.000	p_deg_s:0.000	i_deg_s:0.000	d_deg_s:0.000	pid_deg_s:0.000	speed_deg_s:0.000	u_deg_s:0.000	v_limit_deg_s:20.000	dt_ms:10.000	kp:3.0000	ki:0.0000	kd:0.0000	t_s:1.400
[11:09:04.169] target_deg:0.000	position_deg:0.000	error_deg:0.000	p_deg_s:0.000	i_deg_s:0.000	d_deg_s:0.000	pid_deg_s:0.000	speed_deg_s:0.000	u_deg_s:0.000	v_limit_deg_s:20.000	dt_ms:10.001	kp:3.0000	ki:0.0000	kd:0.0000	t_s:1.500
[11:09:04.269] target_deg:0.000	position_deg:0.000	error_deg:0.000	p_deg_s:0.000	i_deg_s:0.000	d_deg_s:0.000	pid_deg_s:0.000	speed_deg_s:0.000	u_deg_s:0.000	v_limit_deg_s:20.000	dt_ms:10.000	kp:3.0000	ki:0.0000	kd:0.0000	t_s:1.600
[11:09:04.370] target_deg:0.000	position_deg:0.000	error_deg:0.000	p_deg_s:0.000	i_deg_s:0.000	d_deg_s:0.000	pid_deg_s:0.000	speed_deg_s:0.000	u_deg_s:0.000	v_limit_deg_s:20.000	dt_ms:10.001	kp:3.0000	ki:0.0000	kd:0.0000	t_s:1.700
[11:09:04.468] target_deg:0.000	position_deg:0.000	error_deg:0.000	p_deg_s:0.000	i_deg_s:0.000	d_deg_s:0.000	pid_deg_s:0.000	speed_deg_s:0.000	u_deg_s:0.000	v_limit_deg_s:20.000	dt_ms:10.001	kp:3.0000	ki:0.0000	kd:0.0000	t_s:1.800
[11:09:04.569] target_deg:0.000	position_deg:0.000	error_deg:0.000	p_deg_s:0.000	i_deg_s:0.000	d_deg_s:0.000	pid_deg_s:0.000	speed_deg_s:0.000	u_deg_s:0.000	v_limit_deg_s:20.000	dt_ms:10.000	kp:3.0000	ki:0.0000	kd:0.0000	t_s:1.900
[11:09:04.668] target_deg:10.000	position_deg:0.000	error_deg:10.000	p_deg_s:30.000	i_deg_s:0.000	d_deg_s:0.000	pid_deg_s:30.000	speed_deg_s:0.000	u_deg_s:19.236	v_limit_deg_s:20.000	dt_ms:10.000	kp:3.0000	ki:0.0000	kd:0.0000	t_s:2.000
[11:09:04.769] target_deg:10.000	position_deg:0.000	error_deg:10.000	p_deg_s:30.000	i_deg_s:0.000	d_deg_s:0.000	pid_deg_s:30.000	speed_deg_s:0.000	u_deg_s:19.236	v_limit_deg_s:20.000	dt_ms:10.002	kp:3.0000	ki:0.0000	kd:0.0000	t_s:2.100
[11:09:04.869] target_deg:10.000	position_deg:0.791	error_deg:9.209	p_deg_s:27.627	i_deg_s:0.000	d_deg_s:0.000	pid_deg_s:27.627	speed_deg_s:6.870	u_deg_s:19.236	v_limit_deg_s:20.000	dt_ms:10.001	kp:3.0000	ki:0.0000	kd:0.0000	t_s:2.200
[11:09:04.969] target_deg:10.000	position_deg:2.461	error_deg:7.539	p_deg_s:22.617	i_deg_s:0.000	d_deg_s:0.000	pid_deg_s:22.617	speed_deg_s:16.488	u_deg_s:19.236	v_limit_deg_s:20.000	dt_ms:10.002	kp:3.0000	ki:0.0000	kd:0.0000	t_s:2.300
[11:09:05.061] target_deg:10.000	position_deg:4.395	error_deg:5.605	p_deg_s:16.816	i_deg_s:0.000	d_deg_s:0.000	pid_deg_s:16.816	speed_deg_s:17.862	u_deg_s:16.488	v_limit_deg_s:20.000	dt_ms:10.000	kp:3.0000	ki:0.0000	kd:0.0000	t_s:2.400
[11:09:05.171] target_deg:10.000	position_deg:6.064	error_deg:3.936	p_deg_s:11.807	i_deg_s:0.000	d_deg_s:0.000	pid_deg_s:11.807	speed_deg_s:16.488	u_deg_s:12.366	v_limit_deg_s:20.000	dt_ms:10.000	kp:3.0000	ki:0.0000	kd:0.0000	t_s:2.500
[11:09:05.268] target_deg:10.000	position_deg:7.295	error_deg:2.705	p_deg_s:8.115	i_deg_s:0.000	d_deg_s:0.000	pid_deg_s:8.115	speed_deg_s:12.366	u_deg_s:8.244	v_limit_deg_s:20.000	dt_ms:10.001	kp:3.0000	ki:0.0000	kd:0.0000	t_s:2.600
[11:09:05.369] target_deg:10.000	position_deg:8.086	error_deg:1.914	p_deg_s:5.742	i_deg_s:0.000	d_deg_s:0.000	pid_deg_s:5.742	speed_deg_s:8.244	u_deg_s:5.496	v_limit_deg_s:20.000	dt_ms:10.001	kp:3.0000	ki:0.0000	kd:0.0000	t_s:2.700
[11:09:05.468] target_deg:10.000	position_deg:8.701	error_deg:1.299	p_deg_s:3.896	i_deg_s:0.000	d_deg_s:0.000	pid_deg_s:3.896	speed_deg_s:5.496	u_deg_s:4.122	v_limit_deg_s:20.000	dt_ms:10.002	kp:3.0000	ki:0.0000	kd:0.0000	t_s:2.800
[11:09:05.569] target_deg:10.000	position_deg:9.141	error_deg:0.859	p_deg_s:2.578	i_deg_s:0.000	d_deg_s:0.000	pid_deg_s:2.578	speed_deg_s:2.748	u_deg_s:2.748	v_limit_deg_s:20.000	dt_ms:10.001	kp:3.0000	ki:0.0000	kd:0.0000	t_s:2.900
[11:09:05.669] target_deg:10.000	position_deg:9.404	error_deg:0.596	p_deg_s:1.787	i_deg_s:0.000	d_deg_s:0.000	pid_deg_s:1.787	speed_deg_s:2.748	u_deg_s:1.374	v_limit_deg_s:20.000	dt_ms:10.001	kp:3.0000	ki:0.0000	kd:0.0000	t_s:3.000
[11:09:05.769] target_deg:10.000	position_deg:9.580	error_deg:0.420	p_deg_s:1.260	i_deg_s:0.000	d_deg_s:0.000	pid_deg_s:1.260	speed_deg_s:1.374	u_deg_s:1.374	v_limit_deg_s:20.000	dt_ms:10.001	kp:3.0000	ki:0.0000	kd:0.0000	t_s:3.100
[11:09:05.869] target_deg:10.000	position_deg:9.756	error_deg:0.244	p_deg_s:0.732	i_deg_s:0.000	d_deg_s:0.000	pid_deg_s:0.732	speed_deg_s:1.374	u_deg_s:1.374	v_limit_deg_s:20.000	dt_ms:10.001	kp:3.0000	ki:0.0000	kd:0.0000	t_s:3.200
[11:09:05.969] target_deg:10.000	position_deg:9.756	error_deg:0.244	p_deg_s:0.732	i_deg_s:0.000	d_deg_s:0.000	pid_deg_s:0.732	speed_deg_s:0.000	u_deg_s:1.374	v_limit_deg_s:20.000	dt_ms:10.000	kp:3.0000	ki:0.0000	kd:0.0000	t_s:3.300
[11:09:06.064] target_deg:10.000	position_deg:9.844	error_deg:0.156	p_deg_s:0.000	i_deg_s:0.000	d_deg_s:0.000	pid_deg_s:0.000	speed_deg_s:0.000	u_deg_s:0.000	v_limit_deg_s:20.000	dt_ms:10.001	kp:3.0000	ki:0.0000	kd:0.0000	t_s:3.400
[11:09:06.170] target_deg:10.000	position_deg:9.844	error_deg:0.156	p_deg_s:0.000	i_deg_s:0.000	d_deg_s:0.000	pid_deg_s:0.000	speed_deg_s:0.000	u_deg_s:0.000	v_limit_deg_s:20.000	dt_ms:10.001	kp:3.0000	ki:0.0000	kd:0.0000	t_s:3.500
[11:09:06.269] target_deg:10.000	position_deg:9.756	error_deg:0.244	p_deg_s:0.732	i_deg_s:0.000	d_deg_s:0.000	pid_deg_s:0.732	speed_deg_s:0.000	u_deg_s:1.374	v_limit_deg_s:20.000	dt_ms:10.002	kp:3.0000	ki:0.0000	kd:0.0000	t_s:3.600
[11:09:06.369] target_deg:10.000	position_deg:9.844	error_deg:0.156	p_deg_s:0.000	i_deg_s:0.000	d_deg_s:0.000	pid_deg_s:0.000	speed_deg_s:0.000	u_deg_s:0.000	v_limit_deg_s:20.000	dt_ms:10.001	kp:3.0000	ki:0.0000	kd:0.0000	t_s:3.700
[11:09:06.469] target_deg:10.000	position_deg:9.844	error_deg:0.156	p_deg_s:0.000	i_deg_s:0.000	d_deg_s:0.000	pid_deg_s:0.000	speed_deg_s:0.000	u_deg_s:0.000	v_limit_deg_s:20.000	dt_ms:10.002	kp:3.0000	ki:0.0000	kd:0.0000	t_s:3.800
[11:09:06.570] target_deg:10.000	position_deg:9.844	error_deg:0.156	p_deg_s:0.000	i_deg_s:0.000	d_deg_s:0.000	pid_deg_s:0.000	speed_deg_s:0.000	u_deg_s:0.000	v_limit_deg_s:20.000	dt_ms:10.002	kp:3.0000	ki:0.0000	kd:0.0000	t_s:3.900
[11:09:06.669] target_deg:10.000	position_deg:9.844	error_deg:0.156	p_deg_s:0.000	i_deg_s:0.000	d_deg_s:0.000	pid_deg_s:0.000	speed_deg_s:0.000	u_deg_s:0.000	v_limit_deg_s:20.000	dt_ms:10.001	kp:3.0000	ki:0.0000	kd:0.0000	t_s:4.000
[11:09:06.769] target_deg:10.000	position_deg:9.844	error_deg:0.156	p_deg_s:0.000	i_deg_s:0.000	d_deg_s:0.000	pid_deg_s:0.000	speed_deg_s:0.000	u_deg_s:0.000	v_limit_deg_s:20.000	dt_ms:10.002	kp:3.0000	ki:0.0000	kd:0.0000	t_s:4.100
[11:09:06.869] target_deg:10.000	position_deg:9.844	error_deg:0.156	p_deg_s:0.000	i_deg_s:0.000	d_deg_s:0.000	pid_deg_s:0.000	speed_deg_s:0.000	u_deg_s:0.000	v_limit_deg_s:20.000	dt_ms:10.001	kp:3.0000	ki:0.0000	kd:0.0000	t_s:4.200
[11:09:06.970] target_deg:10.000	position_deg:9.844	error_deg:0.156	p_deg_s:0.000	i_deg_s:0.000	d_deg_s:0.000	pid_deg_s:0.000	speed_deg_s:0.000	u_deg_s:0.000	v_limit_deg_s:20.000	dt_ms:10.001	kp:3.0000	ki:0.0000	kd:0.0000	t_s:4.301
[11:09:07.068] target_deg:10.000	position_deg:9.844	error_deg:0.156	p_deg_s:0.000	i_deg_s:0.000	d_deg_s:0.000	pid_deg_s:0.000	speed_deg_s:0.000	u_deg_s:0.000	v_limit_deg_s:20.000	dt_ms:10.001	kp:3.0000	ki:0.0000	kd:0.0000	t_s:4.401
[11:09:07.168] target_deg:10.000	position_deg:9.844	error_deg:0.156	p_deg_s:0.000	i_deg_s:0.000	d_deg_s:0.000	pid_deg_s:0.000	speed_deg_s:0.000	u_deg_s:0.000	v_limit_deg_s:20.000	dt_ms:10.001	kp:3.0000	ki:0.0000	kd:0.0000	t_s:4.501
[11:09:07.269] target_deg:10.000	position_deg:9.844	error_deg:0.156	p_deg_s:0.000	i_deg_s:0.000	d_deg_s:0.000	pid_deg_s:0.000	speed_deg_s:0.000	u_deg_s:0.000	v_limit_deg_s:20.000	dt_ms:10.002	kp:3.0000	ki:0.0000	kd:0.0000	t_s:4.601
[11:09:07.370] target_deg:10.000	position_deg:9.844	error_deg:0.156	p_deg_s:0.000	i_deg_s:0.000	d_deg_s:0.000	pid_deg_s:0.000	speed_deg_s:0.000	u_deg_s:0.000	v_limit_deg_s:20.000	dt_ms:10.000	kp:3.0000	ki:0.0000	kd:0.0000	t_s:4.701
[11:09:07.468] target_deg:10.000	position_deg:9.844	error_deg:0.156	p_deg_s:0.000	i_deg_s:0.000	d_deg_s:0.000	pid_deg_s:0.000	speed_deg_s:0.000	u_deg_s:0.000	v_limit_deg_s:20.000	dt_ms:10.000	kp:3.0000	ki:0.0000	kd:0.0000	t_s:4.801
[11:09:07.562] target_deg:10.000	position_deg:9.844	error_deg:0.156	p_deg_s:0.000	i_deg_s:0.000	d_deg_s:0.000	pid_deg_s:0.000	speed_deg_s:0.000	u_deg_s:0.000	v_limit_deg_s:20.000	dt_ms:10.000	kp:3.0000	ki:0.0000	kd:0.0000	t_s:4.901
[11:09:07.672] target_deg:10.000	position_deg:9.844	error_deg:0.156	p_deg_s:0.000	i_deg_s:0.000	d_deg_s:0.000	pid_deg_s:0.000	speed_deg_s:0.000	u_deg_s:0.000	v_limit_deg_s:20.000	dt_ms:10.003	kp:3.0000	ki:0.0000	kd:0.0000	t_s:5.001
[11:09:07.771] target_deg:10.000	position_deg:9.844	error_deg:0.156	p_deg_s:0.000	i_deg_s:0.000	d_deg_s:0.000	pid_deg_s:0.000	speed_deg_s:0.000	u_deg_s:0.000	v_limit_deg_s:20.000	dt_ms:10.000	kp:3.0000	ki:0.0000	kd:0.0000	t_s:5.101
[11:09:07.868] target_deg:10.000	position_deg:9.844	error_deg:0.156	p_deg_s:0.000	i_deg_s:0.000	d_deg_s:0.000	pid_deg_s:0.000	speed_deg_s:0.000	u_deg_s:0.000	v_limit_deg_s:20.000	dt_ms:10.001	kp:3.0000	ki:0.0000	kd:0.0000	t_s:5.201
[11:09:07.971] target_deg:10.000	position_deg:9.844	error_deg:0.156	p_deg_s:0.000	i_deg_s:0.000	d_deg_s:0.000	pid_deg_s:0.000	speed_deg_s:0.000	u_deg_s:0.000	v_limit_deg_s:20.000	dt_ms:10.002	kp:3.0000	ki:0.0000	kd:0.0000	t_s:5.301
[11:09:08.065] target_deg:10.000	position_deg:9.844	error_deg:0.156	p_deg_s:0.000	i_deg_s:0.000	d_deg_s:0.000	pid_deg_s:0.000	speed_deg_s:0.000	u_deg_s:0.000	v_limit_deg_s:20.000	dt_ms:10.001	kp:3.0000	ki:0.0000	kd:0.0000	t_s:5.401
[11:09:08.170] target_deg:10.000	position_deg:9.844	error_deg:0.156	p_deg_s:0.000	i_deg_s:0.000	d_deg_s:0.000	pid_deg_s:0.000	speed_deg_s:0.000	u_deg_s:0.000	v_limit_deg_s:20.000	dt_ms:10.000	kp:3.0000	ki:0.0000	kd:0.0000	t_s:5.501
[11:09:08.269] target_deg:10.000	position_deg:9.844	error_deg:0.156	p_deg_s:0.000	i_deg_s:0.000	d_deg_s:0.000	pid_deg_s:0.000	speed_deg_s:0.000	u_deg_s:0.000	v_limit_deg_s:20.000	dt_ms:10.000	kp:3.0000	ki:0.0000	kd:0.0000	t_s:5.601
[11:09:08.371] target_deg:10.000	position_deg:9.844	error_deg:0.156	p_deg_s:0.000	i_deg_s:0.000	d_deg_s:0.000	pid_deg_s:0.000	speed_deg_s:0.000	u_deg_s:0.000	v_limit_deg_s:20.000	dt_ms:10.003	kp:3.0000	ki:0.0000	kd:0.0000	t_s:5.701
[11:09:08.470] target_deg:10.000	position_deg:9.844	error_deg:0.156	p_deg_s:0.000	i_deg_s:0.000	d_deg_s:0.000	pid_deg_s:0.000	speed_deg_s:0.000	u_deg_s:0.000	v_limit_deg_s:20.000	dt_ms:10.000	kp:3.0000	ki:0.0000	kd:0.0000	t_s:5.801
[11:09:08.567] target_deg:10.000	position_deg:9.844	error_deg:0.156	p_deg_s:0.000	i_deg_s:0.000	d_deg_s:0.000	pid_deg_s:0.000	speed_deg_s:0.000	u_deg_s:0.000	v_limit_deg_s:20.000	dt_ms:10.000	kp:3.0000	ki:0.0000	kd:0.0000	t_s:5.901
[11:09:08.672] target_deg:10.000	position_deg:9.756	error_deg:0.244	p_deg_s:0.732	i_deg_s:0.000	d_deg_s:0.000	pid_deg_s:0.732	speed_deg_s:0.000	u_deg_s:1.374	v_limit_deg_s:20.000	dt_ms:10.002	kp:3.0000	ki:0.0000	kd:0.0000	t_s:6.001
[11:09:08.769] target_deg:10.000	position_deg:9.844	error_deg:0.156	p_deg_s:0.000	i_deg_s:0.000	d_deg_s:0.000	pid_deg_s:0.000	speed_deg_s:0.000	u_deg_s:0.000	v_limit_deg_s:20.000	dt_ms:10.001	kp:3.0000	ki:0.0000	kd:0.0000	t_s:6.101
[11:09:08.870] target_deg:10.000	position_deg:9.844	error_deg:0.156	p_deg_s:0.000	i_deg_s:0.000	d_deg_s:0.000	pid_deg_s:0.000	speed_deg_s:0.000	u_deg_s:0.000	v_limit_deg_s:20.000	dt_ms:10.001	kp:3.0000	ki:0.0000	kd:0.0000	t_s:6.201
[11:09:08.972] target_deg:10.000	position_deg:9.844	error_deg:0.156	p_deg_s:0.000	i_deg_s:0.000	d_deg_s:0.000	pid_deg_s:0.000	speed_deg_s:0.000	u_deg_s:0.000	v_limit_deg_s:20.000	dt_ms:10.001	kp:3.0000	ki:0.0000	kd:0.0000	t_s:6.301
[11:09:09.070] target_deg:10.000	position_deg:9.844	error_deg:0.156	p_deg_s:0.000	i_deg_s:0.000	d_deg_s:0.000	pid_deg_s:0.000	speed_deg_s:0.000	u_deg_s:0.000	v_limit_deg_s:20.000	dt_ms:10.002	kp:3.0000	ki:0.0000	kd:0.0000	t_s:6.401
[11:09:09.171] target_deg:10.000	position_deg:9.844	error_deg:0.156	p_deg_s:0.000	i_deg_s:0.000	d_deg_s:0.000	pid_deg_s:0.000	speed_deg_s:0.000	u_deg_s:0.000	v_limit_deg_s:20.000	dt_ms:10.003	kp:3.0000	ki:0.0000	kd:0.0000	t_s:6.501
[11:09:09.272] target_deg:10.000	position_deg:9.844	error_deg:0.156	p_deg_s:0.000	i_deg_s:0.000	d_deg_s:0.000	pid_deg_s:0.000	speed_deg_s:0.000	u_deg_s:0.000	v_limit_deg_s:20.000	dt_ms:10.002	kp:3.0000	ki:0.0000	kd:0.0000	t_s:6.601
[11:09:09.372] target_deg:10.000	position_deg:9.844	error_deg:0.156	p_deg_s:0.000	i_deg_s:0.000	d_deg_s:0.000	pid_deg_s:0.000	speed_deg_s:0.000	u_deg_s:0.000	v_limit_deg_s:20.000	dt_ms:10.001	kp:3.0000	ki:0.0000	kd:0.0000	t_s:6.701
[11:09:09.470] target_deg:10.000	position_deg:9.844	error_deg:0.156	p_deg_s:0.000	i_deg_s:0.000	d_deg_s:0.000	pid_deg_s:0.000	speed_deg_s:0.000	u_deg_s:0.000	v_limit_deg_s:20.000	dt_ms:10.001	kp:3.0000	ki:0.0000	kd:0.0000	t_s:6.801
[11:09:09.570] target_deg:10.000	position_deg:9.844	error_deg:0.156	p_deg_s:0.000	i_deg_s:0.000	d_deg_s:0.000	pid_deg_s:0.000	speed_deg_s:0.000	u_deg_s:0.000	v_limit_deg_s:20.000	dt_ms:10.002	kp:3.0000	ki:0.0000	kd:0.0000	t_s:6.901
[11:09:09.670] target_deg:10.000	position_deg:9.844	error_deg:0.156	p_deg_s:0.000	i_deg_s:0.000	d_deg_s:0.000	pid_deg_s:0.000	speed_deg_s:0.000	u_deg_s:0.000	v_limit_deg_s:20.000	dt_ms:10.003	kp:3.0000	ki:0.0000	kd:0.0000	t_s:7.001
[11:09:09.772] target_deg:10.000	position_deg:9.844	error_deg:0.156	p_deg_s:0.000	i_deg_s:0.000	d_deg_s:0.000	pid_deg_s:0.000	speed_deg_s:0.000	u_deg_s:0.000	v_limit_deg_s:20.000	dt_ms:10.001	kp:3.0000	ki:0.0000	kd:0.0000	t_s:7.101
[11:09:09.869] target_deg:10.000	position_deg:9.756	error_deg:0.244	p_deg_s:0.732	i_deg_s:0.000	d_deg_s:0.000	pid_deg_s:0.732	speed_deg_s:0.000	u_deg_s:1.374	v_limit_deg_s:20.000	dt_ms:10.001	kp:3.0000	ki:0.0000	kd:0.0000	t_s:7.201
[11:09:09.972] target_deg:10.000	position_deg:9.844	error_deg:0.156	p_deg_s:0.000	i_deg_s:0.000	d_deg_s:0.000	pid_deg_s:0.000	speed_deg_s:0.000	u_deg_s:0.000	v_limit_deg_s:20.000	dt_ms:10.001	kp:3.0000	ki:0.0000	kd:0.0000	t_s:7.301
[11:09:10.061] target_deg:10.000	position_deg:9.844	error_deg:0.156	p_deg_s:0.000	i_deg_s:0.000	d_deg_s:0.000	pid_deg_s:0.000	speed_deg_s:0.000	u_deg_s:0.000	v_limit_deg_s:20.000	dt_ms:10.001	kp:3.0000	ki:0.0000	kd:0.0000	t_s:7.401
[11:09:10.171] target_deg:10.000	position_deg:9.844	error_deg:0.156	p_deg_s:0.000	i_deg_s:0.000	d_deg_s:0.000	pid_deg_s:0.000	speed_deg_s:0.000	u_deg_s:0.000	v_limit_deg_s:20.000	dt_ms:10.001	kp:3.0000	ki:0.0000	kd:0.0000	t_s:7.501
[11:09:10.270] target_deg:10.000	position_deg:9.844	error_deg:0.156	p_deg_s:0.000	i_deg_s:0.000	d_deg_s:0.000	pid_deg_s:0.000	speed_deg_s:0.000	u_deg_s:0.000	v_limit_deg_s:20.000	dt_ms:10.000	kp:3.0000	ki:0.0000	kd:0.0000	t_s:7.601
[11:09:10.369] target_deg:10.000	position_deg:9.844	error_deg:0.156	p_deg_s:0.000	i_deg_s:0.000	d_deg_s:0.000	pid_deg_s:0.000	speed_deg_s:0.000	u_deg_s:0.000	v_limit_deg_s:20.000	dt_ms:10.002	kp:3.0000	ki:0.0000	kd:0.0000	t_s:7.701
[11:09:10.469] target_deg:10.000	position_deg:9.844	error_deg:0.156	p_deg_s:0.000	i_deg_s:0.000	d_deg_s:0.000	pid_deg_s:0.000	speed_deg_s:0.000	u_deg_s:0.000	v_limit_deg_s:20.000	dt_ms:10.001	kp:3.0000	ki:0.0000	kd:0.0000	t_s:7.801
[11:09:10.570] target_deg:10.000	position_deg:9.844	error_deg:0.156	p_deg_s:0.000	i_deg_s:0.000	d_deg_s:0.000	pid_deg_s:0.000	speed_deg_s:0.000	u_deg_s:0.000	v_limit_deg_s:20.000	dt_ms:10.002	kp:3.0000	ki:0.0000	kd:0.0000	t_s:7.901
[11:09:10.669] target_deg:10.000	position_deg:9.844	error_deg:0.156	p_deg_s:0.000	i_deg_s:0.000	d_deg_s:0.000	pid_deg_s:0.000	speed_deg_s:0.000	u_deg_s:0.000	v_limit_deg_s:20.000	dt_ms:10.002	kp:3.0000	ki:0.0000	kd:0.0000	t_s:8.001
[11:09:10.771] target_deg:10.000	position_deg:9.844	error_deg:0.156	p_deg_s:0.000	i_deg_s:0.000	d_deg_s:0.000	pid_deg_s:0.000	speed_deg_s:0.000	u_deg_s:0.000	v_limit_deg_s:20.000	dt_ms:10.002	kp:3.0000	ki:0.0000	kd:0.0000	t_s:8.101
[11:09:10.871] target_deg:10.000	position_deg:9.844	error_deg:0.156	p_deg_s:0.000	i_deg_s:0.000	d_deg_s:0.000	pid_deg_s:0.000	speed_deg_s:0.000	u_deg_s:0.000	v_limit_deg_s:20.000	dt_ms:10.000	kp:3.0000	ki:0.0000	kd:0.0000	t_s:8.201
[11:09:10.971] target_deg:10.000	position_deg:9.844	error_deg:0.156	p_deg_s:0.000	i_deg_s:0.000	d_deg_s:0.000	pid_deg_s:0.000	speed_deg_s:0.000	u_deg_s:0.000	v_limit_deg_s:20.000	dt_ms:10.001	kp:3.0000	ki:0.0000	kd:0.0000	t_s:8.301
[11:09:11.061] target_deg:10.000	position_deg:9.844	error_deg:0.156	p_deg_s:0.000	i_deg_s:0.000	d_deg_s:0.000	pid_deg_s:0.000	speed_deg_s:0.000	u_deg_s:0.000	v_limit_deg_s:20.000	dt_ms:10.001	kp:3.0000	ki:0.0000	kd:0.0000	t_s:8.401
[11:09:11.172] target_deg:10.000	position_deg:9.844	error_deg:0.156	p_deg_s:0.000	i_deg_s:0.000	d_deg_s:0.000	pid_deg_s:0.000	speed_deg_s:0.000	u_deg_s:0.000	v_limit_deg_s:20.000	dt_ms:10.000	kp:3.0000	ki:0.0000	kd:0.0000	t_s:8.501
[11:09:11.272] target_deg:10.000	position_deg:9.844	error_deg:0.156	p_deg_s:0.000	i_deg_s:0.000	d_deg_s:0.000	pid_deg_s:0.000	speed_deg_s:0.000	u_deg_s:0.000	v_limit_deg_s:20.000	dt_ms:10.001	kp:3.0000	ki:0.0000	kd:0.0000	t_s:8.601
[11:09:11.372] target_deg:10.000	position_deg:9.844	error_deg:0.156	p_deg_s:0.000	i_deg_s:0.000	d_deg_s:0.000	pid_deg_s:0.000	speed_deg_s:0.000	u_deg_s:0.000	v_limit_deg_s:20.000	dt_ms:10.000	kp:3.0000	ki:0.0000	kd:0.0000	t_s:8.701
[11:09:11.471] target_deg:10.000	position_deg:9.844	error_deg:0.156	p_deg_s:0.000	i_deg_s:0.000	d_deg_s:0.000	pid_deg_s:0.000	speed_deg_s:0.000	u_deg_s:0.000	v_limit_deg_s:20.000	dt_ms:10.001	kp:3.0000	ki:0.0000	kd:0.0000	t_s:8.801
[11:09:11.571] target_deg:10.000	position_deg:9.844	error_deg:0.156	p_deg_s:0.000	i_deg_s:0.000	d_deg_s:0.000	pid_deg_s:0.000	speed_deg_s:0.000	u_deg_s:0.000	v_limit_deg_s:20.000	dt_ms:10.001	kp:3.0000	ki:0.0000	kd:0.0000	t_s:8.901
[11:09:11.670] target_deg:10.000	position_deg:9.844	error_deg:0.156	p_deg_s:0.000	i_deg_s:0.000	d_deg_s:0.000	pid_deg_s:0.000	speed_deg_s:0.000	u_deg_s:0.000	v_limit_deg_s:20.000	dt_ms:10.001	kp:3.0000	ki:0.0000	kd:0.0000	t_s:9.001
[11:09:11.671] SEND x
[11:09:11.676] STOP: user
[11:09:13.285] CLOSE port
