[10:40:54.754] OPEN /dev/ttyACM0 @ 115200
[10:40:59.266] SEND s 0.5 20 10
[10:40:59.277] START: current position = 0 deg.
[10:40:59.284] P SET Kp=0.5000, Ki=0.0000, Kd=0.0000, speed_limit_deg_s=20.000, angle_deg=10.000
[10:40:59.285] Run timeout [s]: 60.0
[10:40:59.393] target_deg:0.000	position_deg:0.000	error_deg:0.000	p_deg_s:0.000	i_deg_s:0.000	d_deg_s:0.000	pid_deg_s:0.000	speed_deg_s:0.000	u_deg_s:0.000	v_limit_deg_s:20.000	dt_ms:10.001	kp:0.5000	ki:0.0000	kd:0.0000	t_s:0.100
[10:40:59.497] target_deg:0.000	position_deg:0.000	error_deg:0.000	p_deg_s:0.000	i_deg_s:0.000	d_deg_s:0.000	pid_deg_s:0.000	speed_deg_s:0.000	u_deg_s:0.000	v_limit_deg_s:20.000	dt_ms:10.000	kp:0.5000	ki:0.0000	kd:0.0000	t_s:0.200
[10:40:59.594] target_deg:0.000	position_deg:0.000	error_deg:0.000	p_deg_s:0.000	i_deg_s:0.000	d_deg_s:0.000	pid_deg_s:0.000	speed_deg_s:0.000	u_deg_s:0.000	v_limit_deg_s:20.000	dt_ms:10.000	kp:0.5000	ki:0.0000	kd:0.0000	t_s:0.300
[10:40:59.693] target_deg:0.000	position_deg:0.000	error_deg:0.000	p_deg_s:0.000	i_deg_s:0.000	d_deg_s:0.000	pid_deg_s:0.000	speed_deg_s:0.000	u_deg_s:0.000	v_limit_deg_s:20.000	dt_ms:10.000	kp:0.5000	ki:0.0000	kd:0.0000	t_s:0.400
[10:40:59.794] target_deg:0.000	position_deg:0.000	error_deg:0.000	p_deg_s:0.000	i_deg_s:0.000	d_deg_s:0.000	pid_deg_s:0.000	speed_deg_s:0.000	u_deg_s:0.000	v_limit_deg_s:20.000	dt_ms:10.000	kp:0.5000	ki:0.0000	kd:0.0000	t_s:0.500
[10:40:59.894] target_deg:0.000	position_deg:0.000	error_deg:0.000	p_deg_s:0.000	i_deg_s:0.000	d_deg_s:0.000	pid_deg_s:0.000	speed_deg_s:0.000	u_deg_s:0.000	v_limit_deg_s:20.000	dt_ms:10.000	kp:0.5000	ki:0.0000	kd:0.0000	t_s:0.600
[10:40:59.997] target_deg:0.000	position_deg:0.000	error_deg:0.000	p_deg_s:0.000	i_deg_s:0.000	d_deg_s:0.000	pid_deg_s:0.000	speed_deg_s:0.000	u_deg_s:0.000	v_limit_deg_s:20.000	dt_ms:10.000	kp:0.5000	ki:0.0000	kd:0.0000	t_s:0.700
[10:41:00.097] target_deg:0.000	position_deg:0.000	error_deg:0.000	p_deg_s:0.000	i_deg_s:0.000	d_deg_s:0.000	pid_deg_s:0.000	speed_deg_s:0.000	u_deg_s:0.000	v_limit_deg_s:20.000	dt_ms:10.000	kp:0.5000	ki:0.0000	kd:0.0000	t_s:0.800
[10:41:00.196] target_deg:0.000	position_deg:0.000	error_deg:0.000	p_deg_s:0.000	i_deg_s:0.000	d_deg_s:0.000	pid_deg_s:0.000	speed_deg_s:0.000	u_deg_s:0.000	v_limit_deg_s:20.000	dt_ms:10.001	kp:0.5000	ki:0.0000	kd:0.0000	t_s:0.900
[10:41:00.297] target_deg:0.000	position_deg:0.000	error_deg:0.000	p_deg_s:0.000	i_deg_s:0.000	d_deg_s:0.000	pid_deg_s:0.000	speed_deg_s:0.000	u_deg_s:0.000	v_limit_deg_s:20.000	dt_ms:10.001	kp:0.5000	ki:0.0000	kd:0.0000	t_s:1.000
[10:41:00.395] target_deg:0.000	position_deg:0.000	error_deg:0.000	p_deg_s:0.000	i_deg_s:0.000	d_deg_s:0.000	pid_deg_s:0.000	speed_deg_s:0.000	u_deg_s:0.000	v_limit_deg_s:20.000	dt_ms:10.000	kp:0.5000	ki:0.0000	kd:0.0000	t_s:1.100
[10:41:00.496] target_deg:0.000	position_deg:0.000	error_deg:0.000	p_deg_s:0.000	i_deg_s:0.000	d_deg_s:0.000	pid_deg_s:0.000	speed_deg_s:0.000	u_deg_s:0.000	v_limit_deg_s:20.000	dt_ms:10.000	kp:0.5000	ki:0.0000	kd:0.0000	t_s:1.200
[10:41:00.596] target_deg:0.000	position_deg:0.000	error_deg:0.000	p_deg_s:0.000	i_deg_s:0.000	d_deg_s:0.000	pid_deg_s:0.000	speed_deg_s:0.000	u_deg_s:0.000	v_limit_deg_s:20.000	dt_ms:10.000	kp:0.5000	ki:0.0000	kd:0.0000	t_s:1.300
[10:41:00.688] target_deg:0.000	position_deg:0.000	error_deg:0.000	p_deg_s:0.000	i_deg_s:0.000	d_deg_s:0.000	pid_deg_s:0.000	speed_deg_s:0.000	u_deg_s:0.000	v_limit_deg_s:20.000	dt_ms:10.000	kp:0.5000	ki:0.0000	kd:0.0000	t_s:1.400
[10:41:00.795] target_deg:0.000	position_deg:0.000	error_deg:0.000	p_deg_s:0.000	i_deg_s:0.000	d_deg_s:0.000	pid_deg_s:0.000	speed_deg_s:0.000	u_deg_s:0.000	v_limit_deg_s:20.000	dt_ms:10.000	kp:0.5000	ki:0.0000	kd:0.0000	t_s:1.500
[10:41:00.897] target_deg:0.000	position_deg:0.000	error_deg:0.000	p_deg_s:0.000	i_deg_s:0.000	d_deg_s:0.000	pid_deg_s:0.000	speed_deg_s:0.000	u_deg_s:0.000	v_limit_deg_s:20.000	dt_ms:10.000	kp:0.5000	ki:0.0000	kd:0.0000	t_s:1.600
[10:41:00.997] target_deg:0.000	position_deg:0.000	error_deg:0.000	p_deg_s:0.000	i_deg_s:0.000	d_deg_s:0.000	pid_deg_s:0.000	speed_deg_s:0.000	u_deg_s:0.000	v_limit_deg_s:20.000	dt_ms:10.000	kp:0.5000	ki:0.0000	kd:0.0000	t_s:1.700
[10:41:01.096] target_deg:0.000	position_deg:0.000	error_deg:0.000	p_deg_s:0.000	i_deg_s:0.000	d_deg_s:0.000	pid_deg_s:0.000	speed_deg_s:0.000	u_deg_s:0.000	v_limit_deg_s:20.000	dt_ms:10.000	kp:0.5000	ki:0.0000	kd:0.0000	t_s:1.800
[10:41:01.197] target_deg:0.000	position_deg:0.000	error_deg:0.000	p_deg_s:0.000	i_deg_s:0.000	d_deg_s:0.000	pid_deg_s:0.000	speed_deg_s:0.000	u_deg_s:0.000	v_limit_deg_s:20.000	dt_ms:10.001	kp:0.5000	ki:0.0000	kd:0.0000	t_s:1.900
[10:41:01.297] target_deg:10.000	position_deg:0.000	error_deg:10.000	p_deg_s:5.000	i_deg_s:0.000	d_deg_s:0.000	pid_deg_s:5.000	speed_deg_s:0.000	u_deg_s:5.496	v_limit_deg_s:20.000	dt_ms:10.000	kp:0.5000	ki:0.0000	kd:0.0000	t_s:2.000
[10:41:01.395] target_deg:10.000	position_deg:0.000	error_deg:10.000	p_deg_s:5.000	i_deg_s:0.000	d_deg_s:0.000	pid_deg_s:5.000	speed_deg_s:0.000	u_deg_s:5.496	v_limit_deg_s:20.000	dt_ms:10.001	kp:0.5000	ki:0.0000	kd:0.0000	t_s:2.100
[10:41:01.496] target_deg:10.000	position_deg:0.352	error_deg:9.648	p_deg_s:4.824	i_deg_s:0.000	d_deg_s:0.000	pid_deg_s:4.824	speed_deg_s:1.374	u_deg_s:5.496	v_limit_deg_s:20.000	dt_ms:10.001	kp:0.5000	ki:0.0000	kd:0.0000	t_s:2.200
[10:41:01.597] target_deg:10.000	position_deg:0.703	error_deg:9.297	p_deg_s:4.648	i_deg_s:0.000	d_deg_s:0.000	pid_deg_s:4.648	speed_deg_s:2.748	u_deg_s:4.122	v_limit_deg_s:20.000	dt_ms:10.000	kp:0.5000	ki:0.0000	kd:0.0000	t_s:2.300
[10:41:01.695] target_deg:10.000	position_deg:1.143	error_deg:8.857	p_deg_s:4.429	i_deg_s:0.000	d_deg_s:0.000	pid_deg_s:4.429	speed_deg_s:2.748	u_deg_s:4.122	v_limit_deg_s:20.000	dt_ms:10.000	kp:0.5000	ki:0.0000	kd:0.0000	t_s:2.400
[10:41:01.795] target_deg:10.000	position_deg:1.494	error_deg:8.506	p_deg_s:4.253	i_deg_s:0.000	d_deg_s:0.000	pid_deg_s:4.253	speed_deg_s:2.748	u_deg_s:4.122	v_limit_deg_s:20.000	dt_ms:10.000	kp:0.5000	ki:0.0000	kd:0.0000	t_s:2.500
[10:41:01.897] target_deg:10.000	position_deg:1.934	error_deg:8.066	p_deg_s:4.033	i_deg_s:0.000	d_deg_s:0.000	pid_deg_s:4.033	speed_deg_s:4.122	u_deg_s:4.122	v_limit_deg_s:20.000	dt_ms:10.001	kp:0.5000	ki:0.0000	kd:0.0000	t_s:2.600
[10:41:01.996] target_deg:10.000	position_deg:2.373	error_deg:7.627	p_deg_s:3.813	i_deg_s:0.000	d_deg_s:0.000	pid_deg_s:3.813	speed_deg_s:4.122	u_deg_s:4.122	v_limit_deg_s:20.000	dt_ms:10.000	kp:0.5000	ki:0.0000	kd:0.0000	t_s:2.700
[10:41:02.097] target_deg:10.000	position_deg:2.725	error_deg:7.275	p_deg_s:3.638	i_deg_s:0.000	d_deg_s:0.000	pid_deg_s:3.638	speed_deg_s:2.748	u_deg_s:4.122	v_limit_deg_s:20.000	dt_ms:10.000	kp:0.5000	ki:0.0000	kd:0.0000	t_s:2.800
[10:41:02.196] target_deg:10.000	position_deg:3.164	error_deg:6.836	p_deg_s:3.418	i_deg_s:0.000	d_deg_s:0.000	pid_deg_s:3.418	speed_deg_s:4.122	u_deg_s:2.748	v_limit_deg_s:20.000	dt_ms:10.000	kp:0.5000	ki:0.0000	kd:0.0000	t_s:2.900
[10:41:02.297] target_deg:10.000	position_deg:3.428	error_deg:6.572	p_deg_s:3.286	i_deg_s:0.000	d_deg_s:0.000	pid_deg_s:3.286	speed_deg_s:1.374	u_deg_s:2.748	v_limit_deg_s:20.000	dt_ms:10.000	kp:0.5000	ki:0.0000	kd:0.0000	t_s:3.000
[10:41:02.396] target_deg:10.000	position_deg:3.691	error_deg:6.309	p_deg_s:3.154	i_deg_s:0.000	d_deg_s:0.000	pid_deg_s:3.154	speed_deg_s:2.748	u_deg_s:2.748	v_limit_deg_s:20.000	dt_ms:10.001	kp:0.5000	ki:0.0000	kd:0.0000	t_s:3.100
[10:41:02.497] target_deg:10.000	position_deg:3.955	error_deg:6.045	p_deg_s:3.022	i_deg_s:0.000	d_deg_s:0.000	pid_deg_s:3.022	speed_deg_s:1.374	u_deg_s:2.748	v_limit_deg_s:20.000	dt_ms:10.000	kp:0.5000	ki:0.0000	kd:0.0000	t_s:3.200
[10:41:02.596] target_deg:10.000	position_deg:4.307	error_deg:5.693	p_deg_s:2.847	i_deg_s:0.000	d_deg_s:0.000	pid_deg_s:2.847	speed_deg_s:2.748	u_deg_s:2.748	v_limit_deg_s:20.000	dt_ms:10.000	kp:0.5000	ki:0.0000	kd:0.0000	t_s:3.300
[10:41:02.697] target_deg:10.000	position_deg:4.658	error_deg:5.342	p_deg_s:2.671	i_deg_s:0.000	d_deg_s:0.000	pid_deg_s:2.671	speed_deg_s:2.748	u_deg_s:2.748	v_limit_deg_s:20.000	dt_ms:10.001	kp:0.5000	ki:0.0000	kd:0.0000	t_s:3.400
[10:41:02.796] target_deg:10.000	position_deg:4.922	error_deg:5.078	p_deg_s:2.539	i_deg_s:0.000	d_deg_s:0.000	pid_deg_s:2.539	speed_deg_s:2.748	u_deg_s:2.748	v_limit_deg_s:20.000	dt_ms:10.001	kp:0.5000	ki:0.0000	kd:0.0000	t_s:3.500
[10:41:02.897] target_deg:10.000	position_deg:5.186	error_deg:4.814	p_deg_s:2.407	i_deg_s:0.000	d_deg_s:0.000	pid_deg_s:2.407	speed_deg_s:2.748	u_deg_s:2.748	v_limit_deg_s:20.000	dt_ms:10.000	kp:0.5000	ki:0.0000	kd:0.0000	t_s:3.600
[10:41:02.996] target_deg:10.000	position_deg:5.449	error_deg:4.551	p_deg_s:2.275	i_deg_s:0.000	d_deg_s:0.000	pid_deg_s:2.275	speed_deg_s:1.374	u_deg_s:2.748	v_limit_deg_s:20.000	dt_ms:10.000	kp:0.5000	ki:0.0000	kd:0.0000	t_s:3.700
[10:41:03.096] target_deg:10.000	position_deg:5.713	error_deg:4.287	p_deg_s:2.144	i_deg_s:0.000	d_deg_s:0.000	pid_deg_s:2.144	speed_deg_s:1.374	u_deg_s:2.748	v_limit_deg_s:20.000	dt_ms:10.001	kp:0.5000	ki:0.0000	kd:0.0000	t_s:3.800
[10:41:03.197] target_deg:10.000	position_deg:5.889	error_deg:4.111	p_deg_s:2.056	i_deg_s:0.000	d_deg_s:0.000	pid_deg_s:2.056	speed_deg_s:1.374	u_deg_s:1.374	v_limit_deg_s:20.000	dt_ms:10.001	kp:0.5000	ki:0.0000	kd:0.0000	t_s:3.900
[10:41:03.297] target_deg:10.000	position_deg:6.152	error_deg:3.848	p_deg_s:1.924	i_deg_s:0.000	d_deg_s:0.000	pid_deg_s:1.924	speed_deg_s:1.374	u_deg_s:1.374	v_limit_deg_s:20.000	dt_ms:10.001	kp:0.5000	ki:0.0000	kd:0.0000	t_s:4.000
[10:41:03.391] target_deg:10.000	position_deg:6.328	error_deg:3.672	p_deg_s:1.836	i_deg_s:0.000	d_deg_s:0.000	pid_deg_s:1.836	speed_deg_s:0.000	u_deg_s:1.374	v_limit_deg_s:20.000	dt_ms:10.000	kp:0.5000	ki:0.0000	kd:0.0000	t_s:4.100
[10:41:03.496] target_deg:10.000	position_deg:6.416	error_deg:3.584	p_deg_s:1.792	i_deg_s:0.000	d_deg_s:0.000	pid_deg_s:1.792	speed_deg_s:0.000	u_deg_s:1.374	v_limit_deg_s:20.000	dt_ms:10.001	kp:0.5000	ki:0.0000	kd:0.0000	t_s:4.200
[10:41:03.593] target_deg:10.000	position_deg:6.592	error_deg:3.408	p_deg_s:1.704	i_deg_s:0.000	d_deg_s:0.000	pid_deg_s:1.704	speed_deg_s:1.374	u_deg_s:1.374	v_limit_deg_s:20.000	dt_ms:10.000	kp:0.5000	ki:0.0000	kd:0.0000	t_s:4.300
[10:41:03.697] target_deg:10.000	position_deg:6.768	error_deg:3.232	p_deg_s:1.616	i_deg_s:0.000	d_deg_s:0.000	pid_deg_s:1.616	speed_deg_s:0.000	u_deg_s:1.374	v_limit_deg_s:20.000	dt_ms:10.001	kp:0.5000	ki:0.0000	kd:0.0000	t_s:4.400
[10:41:03.792] target_deg:10.000	position_deg:6.855	error_deg:3.145	p_deg_s:1.572	i_deg_s:0.000	d_deg_s:0.000	pid_deg_s:1.572	speed_deg_s:0.000	u_deg_s:1.374	v_limit_deg_s:20.000	dt_ms:10.001	kp:0.5000	ki:0.0000	kd:0.0000	t_s:4.500
[10:41:03.897] target_deg:10.000	position_deg:6.943	error_deg:3.057	p_deg_s:1.528	i_deg_s:0.000	d_deg_s:0.000	pid_deg_s:1.528	speed_deg_s:0.000	u_deg_s:1.374	v_limit_deg_s:20.000	dt_ms:10.000	kp:0.5000	ki:0.0000	kd:0.0000	t_s:4.600
[10:41:03.996] target_deg:10.000	position_deg:7.119	error_deg:2.881	p_deg_s:1.440	i_deg_s:0.000	d_deg_s:0.000	pid_deg_s:1.440	speed_deg_s:1.374	u_deg_s:1.374	v_limit_deg_s:20.000	dt_ms:10.000	kp:0.5000	ki:0.0000	kd:0.0000	t_s:4.700
[10:41:04.095] target_deg:10.000	position_deg:7.295	error_deg:2.705	p_deg_s:1.353	i_deg_s:0.000	d_deg_s:0.000	pid_deg_s:1.353	speed_deg_s:1.374	u_deg_s:1.374	v_limit_deg_s:20.000	dt_ms:10.000	kp:0.5000	ki:0.0000	kd:0.0000	t_s:4.800
[10:41:04.197] target_deg:10.000	position_deg:7.383	error_deg:2.617	p_deg_s:1.309	i_deg_s:0.000	d_deg_s:0.000	pid_deg_s:1.309	speed_deg_s:1.374	u_deg_s:1.374	v_limit_deg_s:20.000	dt_ms:10.000	kp:0.5000	ki:0.0000	kd:0.0000	t_s:4.900
[10:41:04.296] target_deg:10.000	position_deg:7.559	error_deg:2.441	p_deg_s:1.221	i_deg_s:0.000	d_deg_s:0.000	pid_deg_s:1.221	speed_deg_s:0.000	u_deg_s:1.374	v_limit_deg_s:20.000	dt_ms:10.000	kp:0.5000	ki:0.0000	kd:0.0000	t_s:5.000
[10:41:04.397] target_deg:10.000	position_deg:7.646	error_deg:2.354	p_deg_s:1.177	i_deg_s:0.000	d_deg_s:0.000	pid_deg_s:1.177	speed_deg_s:0.000	u_deg_s:1.374	v_limit_deg_s:20.000	dt_ms:10.000	kp:0.5000	ki:0.0000	kd:0.0000	t_s:5.100
[10:41:04.494] target_deg:10.000	position_deg:7.822	error_deg:2.178	p_deg_s:1.089	i_deg_s:0.000	d_deg_s:0.000	pid_deg_s:1.089	speed_deg_s:1.374	u_deg_s:1.374	v_limit_deg_s:20.000	dt_ms:10.000	kp:0.5000	ki:0.0000	kd:0.0000	t_s:5.200
[10:41:04.587] target_deg:10.000	position_deg:7.998	error_deg:2.002	p_deg_s:1.001	i_deg_s:0.000	d_deg_s:0.000	pid_deg_s:1.001	speed_deg_s:1.374	u_deg_s:1.374	v_limit_deg_s:20.000	dt_ms:10.000	kp:0.5000	ki:0.0000	kd:0.0000	t_s:5.300
[10:41:04.688] target_deg:10.000	position_deg:8.086	error_deg:1.914	p_deg_s:0.957	i_deg_s:0.000	d_deg_s:0.000	pid_deg_s:0.957	speed_deg_s:0.000	u_deg_s:1.374	v_limit_deg_s:20.000	dt_ms:10.001	kp:0.5000	ki:0.0000	kd:0.0000	t_s:5.400
[10:41:04.792] target_deg:10.000	position_deg:8.086	error_deg:1.914	p_deg_s:0.957	i_deg_s:0.000	d_deg_s:0.000	pid_deg_s:0.957	speed_deg_s:0.000	u_deg_s:1.374	v_limit_deg_s:20.000	dt_ms:10.001	kp:0.5000	ki:0.0000	kd:0.0000	t_s:5.500
[10:41:04.893] target_deg:10.000	position_deg:8.350	error_deg:1.650	p_deg_s:0.825	i_deg_s:0.000	d_deg_s:0.000	pid_deg_s:0.825	speed_deg_s:1.374	u_deg_s:1.374	v_limit_deg_s:20.000	dt_ms:10.000	kp:0.5000	ki:0.0000	kd:0.0000	t_s:5.600
[10:41:04.991] target_deg:10.000	position_deg:8.438	error_deg:1.562	p_deg_s:0.781	i_deg_s:0.000	d_deg_s:0.000	pid_deg_s:0.781	speed_deg_s:0.000	u_deg_s:1.374	v_limit_deg_s:20.000	dt_ms:10.000	kp:0.5000	ki:0.0000	kd:0.0000	t_s:5.700
[10:41:05.096] target_deg:10.000	position_deg:8.613	error_deg:1.387	p_deg_s:0.693	i_deg_s:0.000	d_deg_s:0.000	pid_deg_s:0.693	speed_deg_s:0.000	u_deg_s:1.374	v_limit_deg_s:20.000	dt_ms:10.001	kp:0.5000	ki:0.0000	kd:0.0000	t_s:5.800
[10:41:05.196] target_deg:10.000	position_deg:8.701	error_deg:1.299	p_deg_s:0.649	i_deg_s:0.000	d_deg_s:0.000	pid_deg_s:0.649	speed_deg_s:1.374	u_deg_s:0.000	v_limit_deg_s:20.000	dt_ms:10.001	kp:0.5000	ki:0.0000	kd:0.0000	t_s:5.900
[10:41:05.297] target_deg:10.000	position_deg:8.701	error_deg:1.299	p_deg_s:0.649	i_deg_s:0.000	d_deg_s:0.000	pid_deg_s:0.649	speed_deg_s:0.000	u_deg_s:0.000	v_limit_deg_s:20.000	dt_ms:10.000	kp:0.5000	ki:0.0000	kd:0.0000	t_s:6.000
[10:41:05.397] target_deg:10.000	position_deg:8.789	error_deg:1.211	p_deg_s:0.605	i_deg_s:0.000	d_deg_s:0.000	pid_deg_s:0.605	speed_deg_s:0.000	u_deg_s:0.000	v_limit_deg_s:20.000	dt_ms:10.000	kp:0.5000	ki:0.0000	kd:0.0000	t_s:6.100
[10:41:05.494] target_deg:10.000	position_deg:8.789	error_deg:1.211	p_deg_s:0.605	i_deg_s:0.000	d_deg_s:0.000	pid_deg_s:0.605	speed_deg_s:0.000	u_deg_s:0.000	v_limit_deg_s:20.000	dt_ms:10.000	kp:0.5000	ki:0.0000	kd:0.0000	t_s:6.200
[10:41:05.596] target_deg:10.000	position_deg:8.701	error_deg:1.299	p_deg_s:0.649	i_deg_s:0.000	d_deg_s:0.000	pid_deg_s:0.649	speed_deg_s:0.000	u_deg_s:0.000	v_limit_deg_s:20.000	dt_ms:10.000	kp:0.5000	ki:0.0000	kd:0.0000	t_s:6.300
[10:41:05.696] target_deg:10.000	position_deg:8.701	error_deg:1.299	p_deg_s:0.649	i_deg_s:0.000	d_deg_s:0.000	pid_deg_s:0.649	speed_deg_s:0.000	u_deg_s:0.000	v_limit_deg_s:20.000	dt_ms:10.000	kp:0.5000	ki:0.0000	kd:0.0000	t_s:6.400
[10:41:05.796] target_deg:10.000	position_deg:8.701	error_deg:1.299	p_deg_s:0.649	i_deg_s:0.000	d_deg_s:0.000	pid_deg_s:0.649	speed_deg_s:0.000	u_deg_s:0.000	v_limit_deg_s:20.000	dt_ms:10.001	kp:0.5000	ki:0.0000	kd:0.0000	t_s:6.500
[10:41:05.897] target_deg:10.000	position_deg:8.789	error_deg:1.211	p_deg_s:0.605	i_deg_s:0.000	d_deg_s:0.000	pid_deg_s:0.605	speed_deg_s:0.000	u_deg_s:0.000	v_limit_deg_s:20.000	dt_ms:10.000	kp:0.5000	ki:0.0000	kd:0.0000	t_s:6.600
[10:41:05.995] target_deg:10.000	position_deg:8.701	error_deg:1.299	p_deg_s:0.649	i_deg_s:0.000	d_deg_s:0.000	pid_deg_s:0.649	speed_deg_s:0.000	u_deg_s:0.000	v_limit_deg_s:20.000	dt_ms:10.000	kp:0.5000	ki:0.0000	kd:0.0000	t_s:6.700
[10:41:06.097] target_deg:10.000	position_deg:8.701	error_deg:1.299	p_deg_s:0.649	i_deg_s:0.000	d_deg_s:0.000	pid_deg_s:0.649	speed_deg_s:0.000	u_deg_s:0.000	v_limit_deg_s:20.000	dt_ms:10.000	kp:0.5000	ki:0.0000	kd:0.0000	t_s:6.800
[10:41:06.197] target_deg:10.000	position_deg:8.701	error_deg:1.299	p_deg_s:0.649	i_deg_s:0.000	d_deg_s:0.000	pid_deg_s:0.649	speed_deg_s:0.000	u_deg_s:0.000	v_limit_deg_s:20.000	dt_ms:10.000	kp:0.5000	ki:0.0000	kd:0.0000	t_s:6.900
[10:41:06.296] target_deg:10.000	position_deg:8.701	error_deg:1.299	p_deg_s:0.649	i_deg_s:0.000	d_deg_s:0.000	pid_deg_s:0.649	speed_deg_s:0.000	u_deg_s:0.000	v_limit_deg_s:20.000	dt_ms:10.001	kp:0.5000	ki:0.0000	kd:0.0000	t_s:7.000
[10:41:06.397] target_deg:10.000	position_deg:8.701	error_deg:1.299	p_deg_s:0.649	i_deg_s:0.000	d_deg_s:0.000	pid_deg_s:0.649	speed_deg_s:0.000	u_deg_s:0.000	v_limit_deg_s:20.000	dt_ms:10.000	kp:0.5000	ki:0.0000	kd:0.0000	t_s:7.100
[10:41:06.496] target_deg:10.000	position_deg:8.701	error_deg:1.299	p_deg_s:0.649	i_deg_s:0.000	d_deg_s:0.000	pid_deg_s:0.649	speed_deg_s:0.000	u_deg_s:0.000	v_limit_deg_s:20.000	dt_ms:10.001	kp:0.5000	ki:0.0000	kd:0.0000	t_s:7.200
[10:41:06.596] target_deg:10.000	position_deg:8.701	error_deg:1.299	p_deg_s:0.649	i_deg_s:0.000	d_deg_s:0.000	pid_deg_s:0.649	speed_deg_s:0.000	u_deg_s:0.000	v_limit_deg_s:20.000	dt_ms:10.000	kp:0.5000	ki:0.0000	kd:0.0000	t_s:7.300
[10:41:06.693] target_deg:10.000	position_deg:8.789	error_deg:1.211	p_deg_s:0.605	i_deg_s:0.000	d_deg_s:0.000	pid_deg_s:0.605	speed_deg_s:0.000	u_deg_s:0.000	v_limit_deg_s:20.000	dt_ms:10.000	kp:0.5000	ki:0.0000	kd:0.0000	t_s:7.400
[10:41:06.795] target_deg:10.000	position_deg:8.701	error_deg:1.299	p_deg_s:0.649	i_deg_s:0.000	d_deg_s:0.000	pid_deg_s:0.649	speed_deg_s:0.000	u_deg_s:0.000	v_limit_deg_s:20.000	dt_ms:10.001	kp:0.5000	ki:0.0000	kd:0.0000	t_s:7.500
[10:41:06.896] target_deg:10.000	position_deg:8.701	error_deg:1.299	p_deg_s:0.649	i_deg_s:0.000	d_deg_s:0.000	pid_deg_s:0.649	speed_deg_s:0.000	u_deg_s:0.000	v_limit_deg_s:20.000	dt_ms:10.001	kp:0.5000	ki:0.0000	kd:0.0000	t_s:7.600
[10:41:06.997] target_deg:10.000	position_deg:8.701	error_deg:1.299	p_deg_s:0.649	i_deg_s:0.000	d_deg_s:0.000	pid_deg_s:0.649	speed_deg_s:0.000	u_deg_s:0.000	v_limit_deg_s:20.000	dt_ms:10.001	kp:0.5000	ki:0.0000	kd:0.0000	t_s:7.700
[10:41:07.094] target_deg:10.000	position_deg:8.701	error_deg:1.299	p_deg_s:0.649	i_deg_s:0.000	d_deg_s:0.000	pid_deg_s:0.649	speed_deg_s:0.000	u_deg_s:0.000	v_limit_deg_s:20.000	dt_ms:10.002	kp:0.5000	ki:0.0000	kd:0.0000	t_s:7.800
[10:41:07.196] target_deg:10.000	position_deg:8.701	error_deg:1.299	p_deg_s:0.649	i_deg_s:0.000	d_deg_s:0.000	pid_deg_s:0.649	speed_deg_s:0.000	u_deg_s:0.000	v_limit_deg_s:20.000	dt_ms:10.001	kp:0.5000	ki:0.0000	kd:0.0000	t_s:7.901
[10:41:07.296] target_deg:10.000	position_deg:8.789	error_deg:1.211	p_deg_s:0.605	i_deg_s:0.000	d_deg_s:0.000	pid_deg_s:0.605	speed_deg_s:0.000	u_deg_s:0.000	v_limit_deg_s:20.000	dt_ms:10.000	kp:0.5000	ki:0.0000	kd:0.0000	t_s:8.001
[10:41:07.397] target_deg:10.000	position_deg:8.701	error_deg:1.299	p_deg_s:0.649	i_deg_s:0.000	d_deg_s:0.000	pid_deg_s:0.649	speed_deg_s:0.000	u_deg_s:0.000	v_limit_deg_s:20.000	dt_ms:10.001	kp:0.5000	ki:0.0000	kd:0.0000	t_s:8.101
[10:41:07.497] target_deg:10.000	position_deg:8.701	error_deg:1.299	p_deg_s:0.649	i_deg_s:0.000	d_deg_s:0.000	pid_deg_s:0.649	speed_deg_s:0.000	u_deg_s:0.000	v_limit_deg_s:20.000	dt_ms:10.001	kp:0.5000	ki:0.0000	kd:0.0000	t_s:8.201
[10:41:07.596] target_deg:10.000	position_deg:8.701	error_deg:1.299	p_deg_s:0.649	i_deg_s:0.000	d_deg_s:0.000	pid_deg_s:0.649	speed_deg_s:0.000	u_deg_s:0.000	v_limit_deg_s:20.000	dt_ms:10.003	kp:0.5000	ki:0.0000	kd:0.0000	t_s:8.301
[10:41:07.696] target_deg:10.000	position_deg:8.701	error_deg:1.299	p_deg_s:0.649	i_deg_s:0.000	d_deg_s:0.000	pid_deg_s:0.649	speed_deg_s:0.000	u_deg_s:0.000	v_limit_deg_s:20.000	dt_ms:10.001	kp:0.5000	ki:0.0000	kd:0.0000	t_s:8.401
[10:41:07.796] target_deg:10.000	position_deg:8.701	error_deg:1.299	p_deg_s:0.649	i_deg_s:0.000	d_deg_s:0.000	pid_deg_s:0.649	speed_deg_s:0.000	u_deg_s:0.000	v_limit_deg_s:20.000	dt_ms:10.002	kp:0.5000	ki:0.0000	kd:0.0000	t_s:8.501
[10:41:07.895] target_deg:10.000	position_deg:8.701	error_deg:1.299	p_deg_s:0.649	i_deg_s:0.000	d_deg_s:0.000	pid_deg_s:0.649	speed_deg_s:0.000	u_deg_s:0.000	v_limit_deg_s:20.000	dt_ms:10.000	kp:0.5000	ki:0.0000	kd:0.0000	t_s:8.601
[10:41:07.997] target_deg:10.000	position_deg:8.701	error_deg:1.299	p_deg_s:0.649	i_deg_s:0.000	d_deg_s:0.000	pid_deg_s:0.649	speed_deg_s:0.000	u_deg_s:0.000	v_limit_deg_s:20.000	dt_ms:10.002	kp:0.5000	ki:0.0000	kd:0.0000	t_s:8.701
[10:41:08.094] target_deg:10.000	position_deg:8.701	error_deg:1.299	p_deg_s:0.649	i_deg_s:0.000	d_deg_s:0.000	pid_deg_s:0.649	speed_deg_s:0.000	u_deg_s:0.000	v_limit_deg_s:20.000	dt_ms:10.002	kp:0.5000	ki:0.0000	kd:0.0000	t_s:8.801
[10:41:08.197] target_deg:10.000	position_deg:8.701	error_deg:1.299	p_deg_s:0.649	i_deg_s:0.000	d_deg_s:0.000	pid_deg_s:0.649	speed_deg_s:0.000	u_deg_s:0.000	v_limit_deg_s:20.000	dt_ms:10.003	kp:0.5000	ki:0.0000	kd:0.0000	t_s:8.901
[10:41:08.296] target_deg:10.000	position_deg:8.789	error_deg:1.211	p_deg_s:0.605	i_deg_s:0.000	d_deg_s:0.000	pid_deg_s:0.605	speed_deg_s:0.000	u_deg_s:0.000	v_limit_deg_s:20.000	dt_ms:10.002	kp:0.5000	ki:0.0000	kd:0.0000	t_s:9.001
[10:41:08.296] SEND x
[10:41:08.302] STOP: user
[10:41:09.910] CLOSE port
